// Jest Snapshot v1, https://goo.gl/fbAQLP

exports[`<Dashboard should match component snapshot 1`] = `
<div>
  <div
    className="banner-background"
  >
    <div
      className="profile-background"
    >
      <div
        className="container"
      >
        <nav
          className="navbar navbar-toggleable-md navbar-light bg-faded"
        >
          <button
            aria-controls="navbarTogglerDemo01"
            aria-expanded="false"
            aria-label="Toggle navigation"
            className="navbar-toggler"
            data-target="#navbarTogglerDemo01"
            data-toggle="collapse"
            type="button"
          >
            <span
              className="navbar-toggler-icon"
            />
          </button>
          <div
            className="collapse navbar-collapse"
            id="navbarTogglerDemo01"
          >
            <a
              className="navbar-brand invisible-button"
              href="#/dashboard/top-recipes"
              onClick={[Function]}
            >
              <h2>
                Profile Page
              </h2>
            </a>
            <ul
              className="navbar-nav mr-auto mt-2 mt-lg-0"
            >
              <li
                className="nav-item"
              >
                <button
                  className="nav-link invisible-button disabled"
                />
              </li>
            </ul>
            <form
              className="form-inline my-2 my-lg-0"
            >
              <input
                className="form-control mr-sm-2"
                formNoValidate={true}
                name="keyword"
                onChange={[Function]}
                placeholder="Search"
                required={true}
                type="text"
                value=""
              />
              <button
                className="btn btn-outline-success my-2 my-sm-0"
                id="search-recipe"
                onClick={[Function]}
              >
                Search
              </button>
            </form>
          </div>
        </nav>
        <br />
        <div
          className="row profile-landing"
        >
          <section
            className="col-md-3 profile-details"
          >
            <main>
              <div
                className="div-profile"
              >
                <h5>
                  @
                </h5>
                <p>
                  <span>
                    <i
                      aria-hidden="true"
                      className="fa fa-circle"
                      style={
                        Object {
                          "color": "green",
                        }
                      }
                    />
                  </span>
                  Online
                </p>
                <br />
                <br />
                <button
                  className="invisible-button nav-editProfile"
                  onClick={[Function]}
                  style={
                    Object {
                      "color": "#0275d8",
                      "textAlign": "center",
                    }
                  }
                >
                  Edit Profile
                </button>
                <button
                  className="invisible-button nav-changePassword"
                  onClick={[Function]}
                  style={
                    Object {
                      "color": "#0275d8",
                      "textAlign": "center",
                    }
                  }
                >
                  Change Password
                </button>
              </div>
              <br />
              <div
                className="div-profile"
              >
                <h5>
                  Add Category
                </h5>
                <div
                  className="form-group profile-form"
                >
                  <input
                    className="form-control"
                    id="category-name"
                    name="categoryName"
                    onChange={[Function]}
                    placeholder="Enter Name"
                    type="text"
                    value=""
                  />
                </div>
                <div>
                  <button
                    className="btn btn-success"
                    onClick={[Function]}
                    type="button"
                  >
                    Add
                  </button>
                </div>
                <br />
                <div
                  className="profile-category-button"
                >
                  <button
                    className="btn btn-default btn-sm"
                    name="categoryModalName"
                    onClick={[Function]}
                    type="button"
                    value={1}
                  >
                    Local Dish
                  </button>
                </div>
              </div>
              <div />
            </main>
          </section>
          <section
            className="col-md-9 profile-tabs"
          >
            <div
              className="div-section"
            >
              <div>
                <ul
                  className="nav nav-tabs nav-fill"
                >
                  <li
                    className="nav-item"
                  >
                    <a
                      aria-current={false}
                      className="nav-link"
                      href="#/dashboard/top-recipes"
                      onClick={[Function]}
                      style={undefined}
                    >
                      Top Recipes
                    </a>
                  </li>
                  <li
                    className="nav-item"
                  >
                    <a
                      aria-current={false}
                      className="nav-link"
                      href="#/dashboard/favorites"
                      onClick={[Function]}
                      style={undefined}
                    >
                      Favorites
                    </a>
                  </li>
                  <li
                    className="nav-item dropdown"
                  >
                    <a
                      aria-expanded="false"
                      aria-haspopup="true"
                      className=" nav-link dropdown-toggle"
                      data-toggle="dropdown"
                      role="button"
                    >
                      My Recipes
                    </a>
                    <div
                      className="dropdown-menu"
                    >
                      <a
                        aria-current={false}
                        className="dropdown-item"
                        href="#/dashboard/my-recipes"
                        onClick={[Function]}
                        style={undefined}
                      >
                        Personal Recipes
                      </a>
                      <a
                        aria-current={false}
                        className="dropdown-item"
                        href="#/dashboard/manage-recipes"
                        onClick={[Function]}
                        style={undefined}
                      >
                        Manage Recipes
                      </a>
                    </div>
                  </li>
                  <li
                    className="nav-item"
                  >
                    <a
                      aria-current={false}
                      className="nav-link"
                      href="#/dashboard/add-recipe"
                      onClick={[Function]}
                      style={undefined}
                    >
                      Add Recipe
                    </a>
                  </li>
                </ul>
              </div>
              <br />
              <div />
            </div>
          </section>
        </div>
      </div>
    </div>
  </div>
</div>
`;
